  Determining projects to restore...
  All projects are up-to-date for restore.
  TestTrackingDiagrams.AssertionTracking -> c:\git\TestTrackingDiagrams\src\TestTrackingDiagrams.AssertionTracking\bin\Debug\netstandard2.0\TestTrackingDiagrams.AssertionTracking.dll
  TestTrackingDiagrams -> c:\git\TestTrackingDiagrams\src\TestTrackingDiagrams\bin\Debug\net10.0\TestTrackingDiagrams.dll
  TestTrackingDiagrams.Tests.AssertionTracking -> c:\git\TestTrackingDiagrams\tests\TestTrackingDiagrams.Tests.AssertionTracking\bin\Debug\net10.0\TestTrackingDiagrams.Tests.AssertionTracking.dll
Test run for c:\git\TestTrackingDiagrams\tests\TestTrackingDiagrams.Tests.AssertionTracking\bin\Debug\net10.0\TestTrackingDiagrams.Tests.AssertionTracking.dll (.NETCoreApp,Version=v10.0)
A total of 1 test files matched the specified pattern.
  Failed TestTrackingDiagrams.Tests.AssertionTracking.AssertionWeaverTests.Weave_AsyncMethod_NullConditionalShould_DoesNotThrow(optimization: Release) [470 ms]
  Error Message:
   System.InvalidProgramException : Common Language Runtime detected an invalid program.
  Stack Trace:
     at Tests.Method()
   at System.Runtime.CompilerServices.AsyncMethodBuilderCore.Start[TStateMachine](TStateMachine& stateMachine)
   at Tests.Method()
   at System.Reflection.MethodBaseInvoker.InterpretedInvoke_Method(Object obj, IntPtr* args)
   at System.Reflection.MethodBaseInvoker.InvokeWithNoArgs(Object obj, BindingFlags invokeAttr)
  Failed TestTrackingDiagrams.Tests.AssertionTracking.AssertionWeaverTests.Diag_DumpIL_AsyncNullConditionalShould [380 ms]
  Error Message:
   System.Exception : === BEFORE WEAVING ===
Handlers: 1
  Catch: Try[0007-0089) Handler[0089-00A0)
Instructions:
  IL_0000: ldarg.0  [HIDDEN-SP]
  IL_0001: ldfld <>1__state
  IL_0006: stloc.0 
  IL_0007: ldloc.0  [HIDDEN-SP]
  IL_0008: brfalse.s IL_003F
  IL_000A: ldnull  [SP L16]
  IL_000B: call System.Threading.Tasks.Task`1<!!0> System.Threading.Tasks.Task::FromResult<Result>(!!0)
  IL_0010: callvirt System.Runtime.CompilerServices.TaskAwaiter`1<!0> System.Threading.Tasks.Task`1<Result>::GetAwaiter()
  IL_0015: stloc.1 
  IL_0016: ldloca.s V_1 [HIDDEN-SP]
  IL_0018: call System.Boolean System.Runtime.CompilerServices.TaskAwaiter`1<Result>::get_IsCompleted()
  IL_001D: brtrue.s IL_005B
  IL_001F: ldarg.0 
  IL_0020: ldc.i4.0 
  IL_0021: dup 
  IL_0022: stloc.0 
  IL_0023: stfld <>1__state
  IL_0028: ldarg.0 
  IL_0029: ldloc.1 
  IL_002A: stfld <>u__1
  IL_002F: ldarg.0 
  IL_0030: ldflda <>t__builder
  IL_0035: ldloca.s V_1
  IL_0037: ldarg.0 
  IL_0038: call System.Void System.Runtime.CompilerServices.AsyncTaskMethodBuilder::AwaitUnsafeOnCompleted<System.Runtime.CompilerServices.TaskAwaiter`1<Result>,Tests/<Method>d__0>(!!0&,!!1&)
  IL_003D: leave.s IL_00B3
  IL_003F: ldarg.0 
  IL_0040: ldfld <>u__1
  IL_0045: stloc.1 
  IL_0046: ldarg.0 
  IL_0047: ldflda <>u__1
  IL_004C: initobj System.Runtime.CompilerServices.TaskAwaiter`1<Result>
  IL_0052: ldarg.0 
  IL_0053: ldc.i4.m1 
  IL_0054: dup 
  IL_0055: stloc.0 
  IL_0056: stfld <>1__state
  IL_005B: ldloca.s V_1
  IL_005D: call !0 System.Runtime.CompilerServices.TaskAwaiter`1<Result>::GetResult()
  IL_0062: dup  [SP L17]
  IL_0063: brtrue.s IL_0068
  IL_0065: pop 
  IL_0066: br.s IL_0087
  IL_0068: call System.String Result::get_MerchantId()
  IL_006D: call FluentAssertions.Primitives.StringAssertions FluentAssertions.AssertionExtensions::Should(System.String)
  IL_0072: ldstr "M123"
  IL_0077: ldstr ""
  IL_007C: call !!0[] System.Array::Empty<System.Object>()
  IL_0081: callvirt FluentAssertions.AndConstraint`1<!0> FluentAssertions.Primitives.StringAssertions`1<FluentAssertions.Primitives.StringAssertions>::Be(System.String,System.String,System.Object[])
  IL_0086: pop 
  IL_0087: leave.s IL_00A0
  IL_0089: stloc.2  [HIDDEN-SP]
  IL_008A: ldarg.0 
  IL_008B: ldc.i4.s -2
  IL_008D: stfld <>1__state
  IL_0092: ldarg.0 
  IL_0093: ldflda <>t__builder
  IL_0098: ldloc.2 
  IL_0099: call System.Void System.Runtime.CompilerServices.AsyncTaskMethodBuilder::SetException(System.Exception)
  IL_009E: leave.s IL_00B3
  IL_00A0: ldarg.0  [SP L18]
  IL_00A1: ldc.i4.s -2
  IL_00A3: stfld <>1__state
  IL_00A8: ldarg.0  [HIDDEN-SP]
  IL_00A9: ldflda <>t__builder
  IL_00AE: call System.Void System.Runtime.CompilerServices.AsyncTaskMethodBuilder::SetResult()
  IL_00B3: ret 

  Stack Trace:
     at TestTrackingDiagrams.Tests.AssertionTracking.AssertionWeaverTests.Diag_DumpIL_AsyncNullConditionalShould() in c:\git\TestTrackingDiagrams\tests\TestTrackingDiagrams.Tests.AssertionTracking\AssertionWeaverTests.cs:line 1982
   at System.Reflection.MethodBaseInvoker.InterpretedInvoke_Method(Object obj, IntPtr* args)
   at System.Reflection.MethodBaseInvoker.InvokeWithNoArgs(Object obj, BindingFlags invokeAttr)

Failed!  - Failed:     2, Passed:     3, Skipped:     0, Total:     5, Duration: 4 s - TestTrackingDiagrams.Tests.AssertionTracking.dll (net10.0)
